Microchip MPLAB XC8 Compiler V2.05 ()

Linker command line:

-W-3 --edf=/Applications/microchip/xc8/v2.05/pic/dat/en_msgs.txt -cs \
  -h+dist/default/production/lin_pic.X.production.sym \
  --cmf=dist/default/production/lin_pic.X.production.cmf -z -Q16F1718 \
  -o/tmp/xcl9ayWaq --defsym=__MPLAB_BUILD=1 \
  -Mdist/default/production/lin_pic.X.production.map -E1 -ver=XC8 \
  --acfsm=1493 -ASTACK=020C3h-0276Fh -pstack=STACK -ACODE=00h-07FFhx8 \
  -ASTRCODE=00h-03FFFh -ASTRING=00h-0FFhx64 -ACONST=00h-0FFhx64 \
  -AENTRY=00h-0FFhx64 -ACOMMON=070h-07Fh -ABANK0=020h-06Fh \
  -ABANK1=0A0h-0EFh -ABANK2=0120h-016Fh -ABANK3=01A0h-01EFh \
  -ABANK4=0220h-026Fh -ABANK5=02A0h-02EFh -ABANK6=0320h-036Fh \
  -ABANK7=03A0h-03EFh -ABANK8=0420h-046Fh -ABANK9=04A0h-04EFh \
  -ABANK10=0520h-056Fh -ABANK11=05A0h-05EFh -ABANK12=0620h-066Fh \
  -ABANK13=06A0h-06EFh -ABANK14=0720h-076Fh -ABANK15=07A0h-07EFh \
  -ABANK16=0820h-086Fh -ABANK17=08A0h-08EFh -ABANK18=0920h-096Fh \
  -ABANK19=09A0h-09EFh -ABANK20=0A20h-0A6Fh -ABANK21=0AA0h-0AEFh \
  -ABANK22=0B20h-0B6Fh -ABANK23=0BA0h-0BEFh -ABANK24=0C20h-0C6Fh \
  -ABANK25=0CA0h-0CBFh -ABIGRAM=02000h-027EFh \
  -ARAM=020h-06Fh,0A0h-0EFh,0120h-016Fh,01A0h-01EFh,0220h-026Fh,02A0h-02EFh,0320h-036Fh,03A0h-03EFh,0420h-046Fh,04A0h-04EFh,0520h-056Fh,05A0h-05EFh,0620h-066Fh,06A0h-06EFh,0720h-076Fh,07A0h-07EFh,0820h-086Fh,08A0h-08EFh,0920h-096Fh,09A0h-09EFh,0A20h-0A6Fh,0AA0h-0AEFh,0B20h-0B6Fh,0BA0h-0BEFh,0C20h-0C6Fh,0CA0h-0CBFh \
  -AABS1=020h-07Fh,0A0h-0EFh,0120h-016Fh,01A0h-01EFh,0220h-026Fh,02A0h-02EFh,0320h-036Fh,03A0h-03EFh,0420h-046Fh,04A0h-04EFh,0520h-056Fh,05A0h-05EFh,0620h-066Fh,06A0h-06EFh,0720h-076Fh,07A0h-07EFh,0820h-086Fh,08A0h-08EFh,0920h-096Fh,09A0h-09EFh,0A20h-0A6Fh,0AA0h-0AEFh,0B20h-0B6Fh,0BA0h-0BEFh,0C20h-0C6Fh,0CA0h-0CBFh \
  -ASFR0=00h-01Fh -ASFR1=080h-09Fh -ASFR2=0100h-011Fh -ASFR3=0180h-019Fh \
  -ASFR4=0200h-021Fh -ASFR5=0280h-029Fh -ASFR6=0300h-031Fh \
  -ASFR7=0380h-039Fh -ASFR8=0400h-041Fh -ASFR9=0480h-049Fh \
  -ASFR10=0500h-051Fh -ASFR11=0580h-059Fh -ASFR12=0600h-061Fh \
  -ASFR13=0680h-069Fh -ASFR14=0700h-071Fh -ASFR15=0780h-079Fh \
  -ASFR16=0800h-081Fh -ASFR17=0880h-089Fh -ASFR18=0900h-091Fh \
  -ASFR19=0980h-099Fh -ASFR20=0A00h-0A1Fh -ASFR21=0A80h-0A9Fh \
  -ASFR22=0B00h-0B1Fh -ASFR23=0B80h-0B9Fh -ASFR24=0C00h-0C1Fh \
  -ASFR25=0C80h-0C9Fh -ASFR26=0D00h-0D6Fh -ASFR27=0D80h-0DEFh \
  -ASFR28=0E00h-0E6Fh -ASFR29=0E80h-0EEFh -ASFR30=0F00h-0F6Fh \
  -ASFR31=0F80h-0FEFh -preset_vec=00h,intentry=04h,init,end_init \
  -ppowerup=CODE -pcinit=CODE -pfunctab=ENTRY -ACONFIG=08007h-08008h \
  -pconfig=CONFIG -DCONFIG=2 -AIDLOC=08000h-08003h -pidloc=IDLOC -DIDLOC=2 \
  -DCODE=2 -DSTRCODE=2 -DSTRING=2 -DCONST=2 -DENTRY=2 -k /tmp/xcCwbz6tL.o \
  dist/default/production/lin_pic.X.production.o 

Object code version is 3.11

Machine type is 16F1718



                Name                               Link     Load   Length Selector   Space Scale
/tmp/xcCwbz6tL.o
                end_init                             36       36        2        8       0
                reset_vec                             0        0        2        0       0
                config                             8007     8007        2    1000E       0
dist/default/production/lin_pic.X.production.o
                cinit                                38       38       4C        8       0
                intentry                              4        4       32        8       0
                text53                              772      772       18      690       0
                text52                              F7F      F7F        3     1EFE       0
                text51                                3        3        1        6       0
                text50                              F8B      F8B        4     1F16       0
                text49                              502      502       36      690       0
                text48                              720      720       1D      690       0
                text47                              538      538       31      690       0
                text46                              3C0      3C0       75      690       0
                text45                              5F1      5F1       2A      690       0
                text44                              692      692       27      690       0
                text43                               84       84       BD        8       0
                text42                              73D      73D       1B      690       0
                text41                              348      348       78      690       0
                text40                              F8F      F8F        4     1F1E       0
                text39                              7FF      7FF        1      690       0
                text38                              701      701       1F      690       0
                text37                              FF4      FF4        C     1FE8       0
                text35                              F82      F82        3     1F04       0
                text34                              FA3      FA3        5     1F46       0
                text33                              FA8      FA8        5     1F50       0
                text32                              66B      66B       27      690       0
                text31                              5C6      5C6       2B      690       0
                text30                              598      598       2E      690       0
                text29                              6DD      6DD       24      690       0
                text28                              F85      F85        3     1F0A       0
                text27                              569      569       2F      690       0
                text26                              F88      F88        3     1F10       0
                text25                              FAD      FAD        5     1F5A       0
                text24                              7C1      7C1       10      690       0
                text23                              643      643       28      690       0
                text22                              141      141       96        8       0
                text21                              61B      61B       28      690       0
                text20                              435      435       4F      690       0
                text19                              257      257       79        8       0
                text18                              FC7      FC7        9     1F8E       0
                text17                              FD0      FD0        9     1FA0       0
                text16                              FD9      FD9        9     1FB2       0
                text15                              FE2      FE2        9     1FC4       0
                text14                              FEB      FEB        9     1FD6       0
                text13                              484      484       44      690       0
                text12                              7B1      7B1       10      690       0
                text11                              FB2      FB2        6     1F64       0
                text10                              FBF      FBF        8     1F7E       0
                text9                               F93      F93        4     1F26       0
                text8                               F97      F97        4     1F2E       0
                text7                               758      758       1A      690       0
                text6                               7D1      7D1        D      690       0
                text5                               FB8      FB8        7     1F70       0
                text4                               4C8      4C8       3A      690       0
                text3                               79F      79F       12      690       0
                text2                               F9B      F9B        4     1F36       0
                text1                               78A      78A       15      690       0
                maintext                            7F6      7F6        9      690       0
                cstackBANK0                          42       42       17       20       1
                cstackCOMMON                         70       70        E       70       1
                cstackBANK2                         120      120        F      120       1
                clrtext                             7EA      7EA        C      690       0
                inittext                            7DE      7DE        C      690       0
                bssBANK2                            13B      13B        8      120       1
                dataBANK1                            CB       CB       24       A0       1
                bssBANK1                             A0       A0       2B       A0       1
                dataBANK0                            5F       5F        4       20       1
                bssBANK0                             20       20       22       20       1
                nvBANK2                             12F      12F        C      120       1
                nvBANK1                              EF       EF        1       A0       1
                nvBANK0                              59       59        6       20       1
                stringtext1                         2D0      2D0       78      5A0       0
                idataBIGRAM                         1D7      1D7       80        8       0
                idataBANK1                          6B9      6B9       24      690       0
                idataBANK0                          F9F      F9F        4     1F3E       0

TOTAL           Name                               Link     Load   Length     Space
        CLASS   STACK          

        CLASS   CODE           
                end_init                             36       36        2         0
                cinit                                38       38       4C         0
                intentry                              4        4       32         0
                reset_vec                             0        0        2         0
                text53                              772      772       18         0
                text52                              F7F      F7F        3         0
                text51                                3        3        1         0
                text50                              F8B      F8B        4         0
                text49                              502      502       36         0
                text48                              720      720       1D         0
                text47                              538      538       31         0
                text46                              3C0      3C0       75         0
                text45                              5F1      5F1       2A         0
                text44                              692      692       27         0
                text43                               84       84       BD         0
                text42                              73D      73D       1B         0
                text41                              348      348       78         0
                text40                              F8F      F8F        4         0
                text39                              7FF      7FF        1         0
                text38                              701      701       1F         0
                text37                              FF4      FF4        C         0
                text35                              F82      F82        3         0
                text34                              FA3      FA3        5         0
                text33                              FA8      FA8        5         0
                text32                              66B      66B       27         0
                text31                              5C6      5C6       2B         0
                text30                              598      598       2E         0
                text29                              6DD      6DD       24         0
                text28                              F85      F85        3         0
                text27                              569      569       2F         0
                text26                              F88      F88        3         0
                text25                              FAD      FAD        5         0
                text24                              7C1      7C1       10         0
                text23                              643      643       28         0
                text22                              141      141       96         0
                text21                              61B      61B       28         0
                text20                              435      435       4F         0
                text19                              257      257       79         0
                text18                              FC7      FC7        9         0
                text17                              FD0      FD0        9         0
                text16                              FD9      FD9        9         0
                text15                              FE2      FE2        9         0
                text14                              FEB      FEB        9         0
                text13                              484      484       44         0
                text12                              7B1      7B1       10         0
                text11                              FB2      FB2        6         0
                text10                              FBF      FBF        8         0
                text9                               F93      F93        4         0
                text8                               F97      F97        4         0
                text7                               758      758       1A         0
                text6                               7D1      7D1        D         0
                text5                               FB8      FB8        7         0
                text4                               4C8      4C8       3A         0
                text3                               79F      79F       12         0
                text2                               F9B      F9B        4         0
                text1                               78A      78A       15         0
                maintext                            7F6      7F6        9         0
                clrtext                             7EA      7EA        C         0
                inittext                            7DE      7DE        C         0
                idataBIGRAM                         1D7      1D7       80         0
                idataBANK1                          6B9      6B9       24         0
                idataBANK0                          F9F      F9F        4         0

        CLASS   STRCODE        
                stringtext1                         2D0      2D0       78         0

        CLASS   STRING         

        CLASS   CONST          

        CLASS   ENTRY          

        CLASS   COMMON         
                cstackCOMMON                         70       70        E         1

        CLASS   BANK0          
                cstackBANK0                          42       42       17         1
                dataBANK0                            5F       5F        4         1
                bssBANK0                             20       20       22         1
                nvBANK0                              59       59        6         1

        CLASS   BANK1          
                dataBANK1                            CB       CB       24         1
                bssBANK1                             A0       A0       2B         1
                nvBANK1                              EF       EF        1         1

        CLASS   BANK2          
                cstackBANK2                         120      120        F         1
                bssBANK2                            13B      13B        8         1
                nvBANK2                             12F      12F        C         1

        CLASS   BANK3          

        CLASS   BANK4          

        CLASS   BANK5          

        CLASS   BANK6          

        CLASS   BANK7          

        CLASS   BANK8          

        CLASS   BANK9          

        CLASS   BANK10         

        CLASS   BANK11         

        CLASS   BANK12         

        CLASS   BANK13         

        CLASS   BANK14         

        CLASS   BANK15         

        CLASS   BANK16         

        CLASS   BANK17         

        CLASS   BANK18         

        CLASS   BANK19         

        CLASS   BANK20         

        CLASS   BANK21         

        CLASS   BANK22         

        CLASS   BANK23         

        CLASS   BANK24         

        CLASS   BANK25         

        CLASS   BIGRAM         

        CLASS   RAM            

        CLASS   ABS1           
                abs_s1                               7E       7E        2         1
                abs_s1                              BE0      BE0       10         1
                abs_s1                              C20      C20       50         1
                abs_s1                              CA0      CA0       20         1
                abs_s1                             2770     2770        0         1

        CLASS   SFR0           

        CLASS   SFR1           

        CLASS   SFR2           

        CLASS   SFR3           

        CLASS   SFR4           

        CLASS   SFR5           

        CLASS   SFR6           

        CLASS   SFR7           

        CLASS   SFR8           

        CLASS   SFR9           

        CLASS   SFR10          

        CLASS   SFR11          

        CLASS   SFR12          

        CLASS   SFR13          

        CLASS   SFR14          

        CLASS   SFR15          

        CLASS   SFR16          

        CLASS   SFR17          

        CLASS   SFR18          

        CLASS   SFR19          

        CLASS   SFR20          

        CLASS   SFR21          

        CLASS   SFR22          

        CLASS   SFR23          

        CLASS   SFR24          

        CLASS   SFR25          

        CLASS   SFR26          

        CLASS   SFR27          

        CLASS   SFR28          

        CLASS   SFR29          

        CLASS   SFR30          

        CLASS   SFR31          

        CLASS   CONFIG         
                config                             8007     8007        2         0

        CLASS   IDLOC          

        CLASS   BANK31         

        CLASS   BANK30         

        CLASS   BANK29         

        CLASS   BANK28         

        CLASS   BANK27         

        CLASS   BANK26         

        CLASS   EEDATA         



SEGMENTS        Name                           Load    Length   Top    Selector   Space  Class     Delta

                text11                         000FB2  000006  000FB8      1F64       0  CODE        2
                text18                         000FC7  000009  000FD0      1F8E       0  CODE        2
                text10                         000FBF  000008  000FC7      1F7E       0  CODE        2
                text5                          000FB8  000007  000FBF      1F70       0  CODE        2
                text25                         000FAD  000005  000FB2      1F5A       0  CODE        2
                text34                         000FA3  000005  000FA8      1F46       0  CODE        2
                reset_vec                      000000  000002  000002         0       0  CODE        2
                text33                         000FA8  000005  000FAD      1F50       0  CODE        2
                text17                         000FD0  000009  000FD9      1FA0       0  CODE        2
                text15                         000FE2  000009  000FEB      1FC4       0  CODE        2
                text16                         000FD9  000009  000FE2      1FB2       0  CODE        2
                idataBANK0                     000F9F  000004  000FA3      1F3E       0  CODE        2
                text2                          000F9B  000004  000F9F      1F36       0  CODE        2
                text9                          000F93  000004  000F97      1F26       0  CODE        2
                text8                          000F97  000004  000F9B      1F2E       0  CODE        2
                text37                         000FF4  00000C  001000      1FE8       0  CODE        2
                stringtext1                    0002D0  000078  000348       5A0       0  STRCODE     2
                text41                         000348  0004B8  000800       690       0  CODE        2
                text14                         000FEB  000009  000FF4      1FD6       0  CODE        2
                text40                         000F8F  000004  000F93      1F1E       0  CODE        2
                text28                         000F85  000003  000F88      1F0A       0  CODE        2
                text50                         000F8B  000004  000F8F      1F16       0  CODE        2
                text26                         000F88  000003  000F8B      1F10       0  CODE        2
                text52                         000F7F  000003  000F82      1EFE       0  CODE        2
                text51                         000003  000001  000004         6       0  CODE        2
                text35                         000F82  000003  000F85      1F04       0  CODE        2
                cstackBANK2                    000120  000023  000143       120       1  BANK2       1
                bssBANK0                       000020  000043  000063        20       1  BANK0       1
                intentry                       000004  0002CC  0002D0         8       0  CODE        2
                bssBANK1                       0000A0  000050  0000F0        A0       1  BANK1       1
                config                         008007  000002  008009     1000E       0  CONFIG      2
                cstackCOMMON                   000070  00000E  00007E        70       1  COMMON      1


UNUSED ADDRESS RANGES

        Name                Unused          Largest block    Delta
        BANK0            00063-0006F               D           1
        BANK10           00520-0056F              50           1
        BANK11           005A0-005EF              50           1
        BANK12           00620-0066F              50           1
        BANK13           006A0-006EF              50           1
        BANK14           00720-0076F              50           1
        BANK15           007A0-007EF              50           1
        BANK16           00820-0086F              50           1
        BANK17           008A0-008EF              50           1
        BANK18           00920-0096F              50           1
        BANK19           009A0-009EF              50           1
        BANK2            00143-0016F              2D           1
        BANK20           00A20-00A6F              50           1
        BANK21           00AA0-00AEF              50           1
        BANK22           00B20-00B6F              50           1
        BANK23           00BA0-00BDF              40           1
        BANK3            001A0-001EF              50           1
        BANK4            00220-0026F              50           1
        BANK5            002A0-002EF              50           1
        BANK6            00320-0036F              50           1
        BANK7            003A0-003EF              50           1
        BANK8            00420-0046F              50           1
        BANK9            004A0-004EF              50           1
        BIGRAM           02000-027EF             7F0           1
        CODE             00002-00002               1           2
                         00800-00F7E             77F
                         01000-03FFF             800
        CONST            00002-00002               1           2
                         00800-00F7E             100
                         01000-03FFF             100
        ENTRY            00002-00002               1           2
                         00800-00F7E             100
                         01000-03FFF             100
        IDLOC            08000-08003               4           2
        RAM              00063-0006F               D           1
                         00143-0016F              2D
                         001A0-001EF              50
                         00220-0026F              50
                         002A0-002EF              50
                         00320-0036F              50
                         003A0-003EF              50
                         00420-0046F              50
                         004A0-004EF              50
                         00520-0056F              50
                         005A0-005EF              50
                         00620-0066F              50
                         006A0-006EF              50
                         00720-0076F              50
                         007A0-007EF              50
                         00820-0086F              50
                         008A0-008EF              50
                         00920-0096F              50
                         009A0-009EF              50
                         00A20-00A6F              50
                         00AA0-00AEF              50
                         00B20-00B6F              50
                         00BA0-00BDF              40
        SFR0             00000-0001F              20           1
        SFR1             00080-0009F              20           1
        SFR10            00500-0051F              20           1
        SFR11            00580-0059F              20           1
        SFR12            00600-0061F              20           1
        SFR13            00680-0069F              20           1
        SFR14            00700-0071F              20           1
        SFR15            00780-0079F              20           1
        SFR16            00800-0081F              20           1
        SFR17            00880-0089F              20           1
        SFR18            00900-0091F              20           1
        SFR19            00980-0099F              20           1
        SFR2             00100-0011F              20           1
        SFR20            00A00-00A1F              20           1
        SFR21            00A80-00A9F              20           1
        SFR22            00B00-00B1F              20           1
        SFR23            00B80-00B9F              20           1
        SFR24            00C00-00C1F              20           1
        SFR25            00C80-00C9F              20           1
        SFR26            00D00-00D6F              70           1
        SFR27            00D80-00DEF              70           1
        SFR28            00E00-00E6F              70           1
        SFR29            00E80-00EEF              70           1
        SFR3             00180-0019F              20           1
        SFR30            00F00-00F6F              70           1
        SFR31            00F80-00FEF              70           1
        SFR4             00200-0021F              20           1
        SFR5             00280-0029F              20           1
        SFR6             00300-0031F              20           1
        SFR7             00380-0039F              20           1
        SFR8             00400-0041F              20           1
        SFR9             00480-0049F              20           1
        STACK            020C3-0276F             6AD           1
        STRCODE          00002-00002               1           2
                         00800-00F7E             77F
                         01000-03FFF            3000
        STRING           00002-00002               1           2
                         00800-00F7E             100
                         01000-03FFF             100

                                  Symbol Table

?___wmul                                       cstackCOMMON 00070
EUSART_Read@readValue                          cstackBANK0  0004F
EUSART_SetErrorHandler@interruptHandler        cstackBANK0  0004E
EUSART_SetFramingErrorHandler@interruptHandler cstackBANK0  0004E
EUSART_SetOverrunErrorHandler@interruptHandler cstackBANK0  0004E
EUSART_SetRxInterruptHandler@interruptHandler  cstackBANK0  0004E
EUSART_SetTxInterruptHandler@interruptHandler  cstackBANK0  0004E
EUSART_Write@txData                            cstackBANK0  0004F
I2C_ISR@i2c_data                               cstackCOMMON 00071
I2C_StatusCallback@EEPROM_Buffer               (abs)        02770
I2C_StatusCallback@eepromAddress               bssBANK0     00021
I2C_StatusCallback@slaveWriteType              bssBANK0     00020
LIN_calcParity@CMD                             cstackCOMMON 00071
LIN_calcParity@PID                             cstackCOMMON 00072
LIN_getChecksum@checksum                       cstackBANK0  00052
LIN_getChecksum@data                           cstackBANK0  0004E
LIN_getChecksum@i                              cstackBANK0  00051
LIN_getChecksum@length                         cstackBANK0  00050
LIN_getPacket@cmd                              cstackBANK2  00121
LIN_getPacket@data                             cstackBANK2  00120
LIN_handler@LIN_state                          bssBANK0     0002A
LIN_init@processData                           cstackBANK0  00052
LIN_init@table                                 cstackBANK0  00050
LIN_init@tableLength                           cstackBANK0  00055
LIN_queuePacket@cmd                            cstackBANK0  00047
LIN_queuePacket@data                           cstackCOMMON 0007A
LIN_queuePacket@i                              cstackBANK0  00048
LIN_queuePacket@tempSchedule                   cstackBANK0  00049
LIN_receivePacket@rxIndex                      bssBANK0     00029
LIN_sendPacket@i                               cstackBANK0  00051
LIN_sendPeriodicTx@periodicTx                  cstackBANK0  0004B
LIN_sendPeriodicTx@scheduleIndex               bssBANK0     00028
LIN_startTimer@timeout                         cstackBANK0  00050
TMR2_SetInterruptHandler@InterruptHandler      cstackBANK0  0004E
TMR2_WriteTimer@timerVal                       cstackBANK0  0004E
_ANSELA                                        (abs)        0018C
_ANSELB                                        (abs)        0018D
_ANSELC                                        (abs)        0018E
_A_Data                                        dataBANK1    000EB
_BAUD1CON                                      (abs)        0019F
_BORCON                                        (abs)        00116
_B_Data                                        dataBANK1    000E7
_C_Data                                        dataBANK1    000E3
_D_Data                                        bssBANK0     00040
_EUSART_DefaultErrorHandler                    text52       00F7F
_EUSART_DefaultFramingErrorHandler             text51       00003
_EUSART_DefaultOverrunErrorHandler             text50       00F8B
_EUSART_ErrorHandler                           nvBANK2      0012F
_EUSART_FramingErrorHandler                    nvBANK2      00133
_EUSART_Initialize                             text13       00484
_EUSART_OverrunErrorHandler                    nvBANK2      00131
_EUSART_Read                                   text32       0066B
_EUSART_Receive_ISR                            text49       00502
_EUSART_RxDataHandler                          text53       00772
_EUSART_RxDefaultInterruptHandler              nvBANK2      00137
_EUSART_SetErrorHandler                        text18       00FC7
_EUSART_SetFramingErrorHandler                 text17       00FD0
_EUSART_SetOverrunErrorHandler                 text16       00FD9
_EUSART_SetRxInterruptHandler                  text15       00FE2
_EUSART_SetTxInterruptHandler                  text14       00FEB
_EUSART_Transmit_ISR                           text48       00720
_EUSART_TxDefaultInterruptHandler              nvBANK2      00139
_EUSART_Write                                  text29       006DD
_EUSART_is_rx_ready                            text35       00F82
_E_Data                                        dataBANK1    000DF
_F_Data                                        bssBANK0     0003E
_G_Data                                        bssBANK0     0003C
_H_Data                                        bssBANK0     0003A
_I2C_ISR                                       text47       00538
_I2C_Initialize                                text12       007B1
_I2C_slaveWriteData                            dataBANK0    0005F
_INTCONbits                                    (abs)        0000B
_INTERRUPT_InterruptManager                    intentry     00004
_I_Data                                        bssBANK0     00038
_J_Data                                        bssBANK0     00036
_K_Data                                        bssBANK0     00034
_LATA                                          (abs)        0010C
_LATB                                          (abs)        0010D
_LATC                                          (abs)        0010E
_LIN_Master_Initialize                         text6        007D1
_LIN_calcParity                                text46       003C0
_LIN_disableRx                                 text34       00FA3
_LIN_enablePeriodTx                            nvBANK1      000EF
_LIN_enableRx                                  text33       00FA8
_LIN_getChecksum                               text31       005C6
_LIN_getPacket                                 text21       0061B
_LIN_handler                                   text19       00257
_LIN_init                                      text7        00758
_LIN_packet                                    bssBANK1     000BC
_LIN_period                                    bssBANK0     0002E
_LIN_periodCallBack                            bssBANK0     0002B
_LIN_processData                               nvBANK2      00135
_LIN_queuePacket                               text43       00084
_LIN_receivePacket                             text30       00598
_LIN_rxPacket                                  bssBANK1     000B0
_LIN_sendBreak                                 text28       00F85
_LIN_sendPacket                                text27       00569
_LIN_sendPeriodicTx                            text41       00348
_LIN_setTimerHandler                           text10       00FBF
_LIN_startPeriod                               text9        00F93
_LIN_startTimer                                text24       007C1
_LIN_stopTimer                                 text8        00F97
_LIN_timeout                                   dataBANK0    00060
_LIN_timerCallBack                             bssBANK0     0002C
_LIN_timerHandler                              text38       00701
_LIN_timerRunning                              bssBANK0     0002D
_LIN_txReady                                   bssBANK0     0002F
_L_Data                                        bssBANK0     00032
_M_Data                                        dataBANK1    000DB
_N_Data                                        dataBANK1    000D7
_ODCONA                                        (abs)        0028C
_ODCONB                                        (abs)        0028D
_ODCONC                                        (abs)        0028E
_OPTION_REGbits                                (abs)        00095
_OSCCON                                        (abs)        00099
_OSCILLATOR_Initialize                         text5        00FB8
_OSCTUNE                                       (abs)        00098
_O_Data                                        dataBANK1    000D3
_PIE1bits                                      (abs)        00091
_PIN_MANAGER_Initialize                        text4        004C8
_PIR1bits                                      (abs)        00011
_PR2                                           (abs)        0001B
_P_Data                                        dataBANK1    000CF
_Q_Data                                        dataBANK0    00061
_RC0PPS                                        (abs)        00EA0
_RC1PPS                                        (abs)        00EA1
_RC1REG                                        (abs)        00199
_RC1STA                                        (abs)        0019D
_RC1STAbits                                    (abs)        0019D
_RC6PPS                                        (abs)        00EA6
_RXPPS                                         (abs)        00E24
_R_Data                                        bssBANK0     00030
_SLRCONA                                       (abs)        0030C
_SLRCONB                                       (abs)        0030D
_SLRCONC                                       (abs)        0030E
_SP1BRGH                                       (abs)        0019C
_SP1BRGL                                       (abs)        0019B
_SSP1ADD                                       (abs)        00212
_SSP1BUF                                       (abs)        00211
_SSP1CON1                                      (abs)        00215
_SSP1CON1bits                                  (abs)        00215
_SSP1CON2                                      (abs)        00216
_SSP1CON2bits                                  (abs)        00216
_SSP1CON3                                      (abs)        00217
_SSP1MSK                                       (abs)        00213
_SSP1STAT                                      (abs)        00214
_SSP1STATbits                                  (abs)        00214
_SSPCLKPPS                                     (abs)        00E20
_SSPDATPPS                                     (abs)        00E21
_SYSTEM_Initialize                             text1        0078A
_S_Data                                        bssBANK1     000C7
_T2CON                                         (abs)        0001C
_T2CONbits                                     (abs)        0001C
_TMR2                                          (abs)        0001A
_TMR2_DefaultInterruptHandler                  text39       007FF
_TMR2_ISR                                      text37       00FF4
_TMR2_Initialize                               text3        0079F
_TMR2_InterruptHandler                         nvBANK0      00059
_TMR2_SetInterruptHandler                      text11       00FB2
_TMR2_StartTimer                               text26       00F88
_TMR2_WriteTimer                               text25       00FAD
_TRISA                                         (abs)        0008C
_TRISB                                         (abs)        0008D
_TRISC                                         (abs)        0008E
_TRISE                                         (abs)        00090
_TX1REG                                        (abs)        0019A
_TX1STA                                        (abs)        0019E
_TX1STAbits                                    (abs)        0019E
_T_Data                                        dataBANK1    000CB
_WDTCON                                        (abs)        00097
_WDT_Initialize                                text2        00F9B
_WPUA                                          (abs)        0020C
_WPUB                                          (abs)        0020D
_WPUC                                          (abs)        0020E
_WPUE                                          (abs)        00210
__CFG_BOREN$ON                                 (abs)        00000
__CFG_BORV$LO                                  (abs)        00000
__CFG_CLKOUTEN$OFF                             (abs)        00000
__CFG_CP$OFF                                   (abs)        00000
__CFG_FCMEN$ON                                 (abs)        00000
__CFG_FOSC$INTOSC                              (abs)        00000
__CFG_IESO$ON                                  (abs)        00000
__CFG_LPBOR$OFF                                (abs)        00000
__CFG_LVP$OFF                                  (abs)        00000
__CFG_MCLRE$ON                                 (abs)        00000
__CFG_PLLEN$OFF                                (abs)        00000
__CFG_PPS1WAY$ON                               (abs)        00000
__CFG_PWRTE$OFF                                (abs)        00000
__CFG_STVREN$ON                                (abs)        00000
__CFG_WDTE$OFF                                 (abs)        00000
__CFG_WRT$OFF                                  (abs)        00000
__CFG_ZCDDIS$ON                                (abs)        00000
__Habs1                                        abs1         00000
__Hbank0                                       bank0        00000
__Hbank1                                       bank1        00000
__Hbank10                                      bank10       00000
__Hbank11                                      bank11       00000
__Hbank12                                      bank12       00000
__Hbank13                                      bank13       00000
__Hbank14                                      bank14       00000
__Hbank15                                      bank15       00000
__Hbank16                                      bank16       00000
__Hbank17                                      bank17       00000
__Hbank18                                      bank18       00000
__Hbank19                                      bank19       00000
__Hbank2                                       bank2        00000
__Hbank20                                      bank20       00000
__Hbank21                                      bank21       00000
__Hbank22                                      bank22       00000
__Hbank23                                      bank23       00000
__Hbank24                                      bank24       00000
__Hbank25                                      bank25       00000
__Hbank26                                      bank26       00000
__Hbank27                                      bank27       00000
__Hbank28                                      bank28       00000
__Hbank29                                      bank29       00000
__Hbank3                                       bank3        00000
__Hbank30                                      bank30       00000
__Hbank31                                      bank31       00000
__Hbank4                                       bank4        00000
__Hbank5                                       bank5        00000
__Hbank6                                       bank6        00000
__Hbank7                                       bank7        00000
__Hbank8                                       bank8        00000
__Hbank9                                       bank9        00000
__Hbigram                                      bigram       00000
__HbssBANK0                                    bssBANK0     00000
__HbssBANK1                                    bssBANK1     00000
__HbssBANK2                                    bssBANK2     00000
__Hcinit                                       cinit        00084
__Hclrtext                                     clrtext      00000
__Hcode                                        code         00000
__Hcommon                                      common       00000
__Hconfig                                      config       08009
__HcstackBANK0                                 cstackBANK0  00000
__HcstackBANK2                                 cstackBANK2  00000
__HcstackCOMMON                                cstackCOMMON 00000
__HdataBANK0                                   dataBANK0    00000
__HdataBANK1                                   dataBANK1    00000
__Heeprom_data                                 eeprom_data  00000
__Hend_init                                    end_init     00038
__Hfunctab                                     functab      00000
__HidataBANK0                                  idataBANK0   00000
__HidataBANK1                                  idataBANK1   00000
__HidataBIGRAM                                 idataBIGRAM  00000
__Hidloc                                       idloc        00000
__Hinit                                        init         00036
__Hinittext                                    inittext     00000
__Hintentry                                    intentry     00036
__Hmaintext                                    maintext     00000
__HnvBANK0                                     nvBANK0      00000
__HnvBANK1                                     nvBANK1      00000
__HnvBANK2                                     nvBANK2      00000
__Hpowerup                                     powerup      00000
__Hram                                         ram          00000
__Hreset_vec                                   reset_vec    00002
__Hsfr0                                        sfr0         00000
__Hsfr1                                        sfr1         00000
__Hsfr10                                       sfr10        00000
__Hsfr11                                       sfr11        00000
__Hsfr12                                       sfr12        00000
__Hsfr13                                       sfr13        00000
__Hsfr14                                       sfr14        00000
__Hsfr15                                       sfr15        00000
__Hsfr16                                       sfr16        00000
__Hsfr17                                       sfr17        00000
__Hsfr18                                       sfr18        00000
__Hsfr19                                       sfr19        00000
__Hsfr2                                        sfr2         00000
__Hsfr20                                       sfr20        00000
__Hsfr21                                       sfr21        00000
__Hsfr22                                       sfr22        00000
__Hsfr23                                       sfr23        00000
__Hsfr24                                       sfr24        00000
__Hsfr25                                       sfr25        00000
__Hsfr26                                       sfr26        00000
__Hsfr27                                       sfr27        00000
__Hsfr28                                       sfr28        00000
__Hsfr29                                       sfr29        00000
__Hsfr3                                        sfr3         00000
__Hsfr30                                       sfr30        00000
__Hsfr31                                       sfr31        00000
__Hsfr4                                        sfr4         00000
__Hsfr5                                        sfr5         00000
__Hsfr6                                        sfr6         00000
__Hsfr7                                        sfr7         00000
__Hsfr8                                        sfr8         00000
__Hsfr9                                        sfr9         00000
__Hspace_0                                     (abs)        08009
__Hspace_1                                     (abs)        00143
__Hspace_2                                     (abs)        00000
__Hspace_3                                     (abs)        00000
__Hstack                                       stack        00000
__Hstrings                                     strings      00000
__Hstringtext1                                 stringtext1  00000
__Htext                                        text         00000
__Labs1                                        abs1         00000
__Lbank0                                       bank0        00000
__Lbank1                                       bank1        00000
__Lbank10                                      bank10       00000
__Lbank11                                      bank11       00000
__Lbank12                                      bank12       00000
__Lbank13                                      bank13       00000
__Lbank14                                      bank14       00000
__Lbank15                                      bank15       00000
__Lbank16                                      bank16       00000
__Lbank17                                      bank17       00000
__Lbank18                                      bank18       00000
__Lbank19                                      bank19       00000
__Lbank2                                       bank2        00000
__Lbank20                                      bank20       00000
__Lbank21                                      bank21       00000
__Lbank22                                      bank22       00000
__Lbank23                                      bank23       00000
__Lbank24                                      bank24       00000
__Lbank25                                      bank25       00000
__Lbank26                                      bank26       00000
__Lbank27                                      bank27       00000
__Lbank28                                      bank28       00000
__Lbank29                                      bank29       00000
__Lbank3                                       bank3        00000
__Lbank30                                      bank30       00000
__Lbank31                                      bank31       00000
__Lbank4                                       bank4        00000
__Lbank5                                       bank5        00000
__Lbank6                                       bank6        00000
__Lbank7                                       bank7        00000
__Lbank8                                       bank8        00000
__Lbank9                                       bank9        00000
__Lbigram                                      bigram       00000
__LbssBANK0                                    bssBANK0     00000
__LbssBANK1                                    bssBANK1     00000
__LbssBANK2                                    bssBANK2     00000
__Lcinit                                       cinit        00038
__Lclrtext                                     clrtext      00000
__Lcode                                        code         00000
__Lcommon                                      common       00000
__Lconfig                                      config       08007
__LcstackBANK0                                 cstackBANK0  00000
__LcstackBANK2                                 cstackBANK2  00000
__LcstackCOMMON                                cstackCOMMON 00000
__LdataBANK0                                   dataBANK0    00000
__LdataBANK1                                   dataBANK1    00000
__Leeprom_data                                 eeprom_data  00000
__Lend_init                                    end_init     00036
__Lfunctab                                     functab      00000
__LidataBANK0                                  idataBANK0   00000
__LidataBANK1                                  idataBANK1   00000
__LidataBIGRAM                                 idataBIGRAM  00000
__Lidloc                                       idloc        00000
__Linit                                        init         00036
__Linittext                                    inittext     00000
__Lintentry                                    intentry     00004
__Lmaintext                                    maintext     00000
__LnvBANK0                                     nvBANK0      00000
__LnvBANK1                                     nvBANK1      00000
__LnvBANK2                                     nvBANK2      00000
__Lpowerup                                     powerup      00000
__Lram                                         ram          00000
__Lreset_vec                                   reset_vec    00000
__Lsfr0                                        sfr0         00000
__Lsfr1                                        sfr1         00000
__Lsfr10                                       sfr10        00000
__Lsfr11                                       sfr11        00000
__Lsfr12                                       sfr12        00000
__Lsfr13                                       sfr13        00000
__Lsfr14                                       sfr14        00000
__Lsfr15                                       sfr15        00000
__Lsfr16                                       sfr16        00000
__Lsfr17                                       sfr17        00000
__Lsfr18                                       sfr18        00000
__Lsfr19                                       sfr19        00000
__Lsfr2                                        sfr2         00000
__Lsfr20                                       sfr20        00000
__Lsfr21                                       sfr21        00000
__Lsfr22                                       sfr22        00000
__Lsfr23                                       sfr23        00000
__Lsfr24                                       sfr24        00000
__Lsfr25                                       sfr25        00000
__Lsfr26                                       sfr26        00000
__Lsfr27                                       sfr27        00000
__Lsfr28                                       sfr28        00000
__Lsfr29                                       sfr29        00000
__Lsfr3                                        sfr3         00000
__Lsfr30                                       sfr30        00000
__Lsfr31                                       sfr31        00000
__Lsfr4                                        sfr4         00000
__Lsfr5                                        sfr5         00000
__Lsfr6                                        sfr6         00000
__Lsfr7                                        sfr7         00000
__Lsfr8                                        sfr8         00000
__Lsfr9                                        sfr9         00000
__Lspace_0                                     (abs)        00000
__Lspace_1                                     (abs)        00000
__Lspace_2                                     (abs)        00000
__Lspace_3                                     (abs)        00000
__Lstack                                       stack        00000
__Lstrings                                     strings      00000
__Lstringtext1                                 stringtext1  00000
__Ltext                                        text         00000
__S0                                           (abs)        08009
__S1                                           (abs)        00143
__S2                                           (abs)        00000
___int_sp                                      stack        00000
___latbits                                     (abs)        00003
___sp                                          stack        00000
___stackhi                                     (abs)        0276F
___stacklo                                     (abs)        020C3
___wmul                                        text42       0073D
___wmul@multiplicand                           cstackCOMMON 00072
___wmul@multiplier                             cstackCOMMON 00070
___wmul@product                                cstackCOMMON 00074
__end_of_EUSART_DefaultErrorHandler            text52       00F82
__end_of_EUSART_DefaultFramingErrorHandler     text51       00004
__end_of_EUSART_DefaultOverrunErrorHandler     text50       00F8F
__end_of_EUSART_Initialize                     text13       004C8
__end_of_EUSART_Read                           text32       00692
__end_of_EUSART_Receive_ISR                    text49       00538
__end_of_EUSART_RxDataHandler                  text53       0078A
__end_of_EUSART_SetErrorHandler                text18       00FD0
__end_of_EUSART_SetFramingErrorHandler         text17       00FD9
__end_of_EUSART_SetOverrunErrorHandler         text16       00FE2
__end_of_EUSART_SetRxInterruptHandler          text15       00FEB
__end_of_EUSART_SetTxInterruptHandler          text14       00FF4
__end_of_EUSART_Transmit_ISR                   text48       0073D
__end_of_EUSART_Write                          text29       00701
__end_of_EUSART_is_rx_ready                    text35       00F85
__end_of_I2C_ISR                               text47       00569
__end_of_I2C_Initialize                        text12       007C1
__end_of_INTERRUPT_InterruptManager            intentry     00036
__end_of_LIN_Master_Initialize                 text6        007DE
__end_of_LIN_calcParity                        text46       00435
__end_of_LIN_disableRx                         text34       00FA8
__end_of_LIN_enableRx                          text33       00FAD
__end_of_LIN_getChecksum                       text31       005F1
__end_of_LIN_getPacket                         text21       00643
__end_of_LIN_handler                           text19       002D0
__end_of_LIN_init                              text7        00772
__end_of_LIN_queuePacket                       text43       00141
__end_of_LIN_receivePacket                     text30       005C6
__end_of_LIN_sendBreak                         text28       00F88
__end_of_LIN_sendPacket                        text27       00598
__end_of_LIN_sendPeriodicTx                    text41       003C0
__end_of_LIN_setTimerHandler                   text10       00FC7
__end_of_LIN_startPeriod                       text9        00F97
__end_of_LIN_startTimer                        text24       007D1
__end_of_LIN_stopTimer                         text8        00F9B
__end_of_LIN_timerHandler                      text38       00720
__end_of_OSCILLATOR_Initialize                 text5        00FBF
__end_of_PIN_MANAGER_Initialize                text4        00502
__end_of_SYSTEM_Initialize                     text1        0079F
__end_of_TMR2_DefaultInterruptHandler          text39       00800
__end_of_TMR2_ISR                              text37       01000
__end_of_TMR2_Initialize                       text3        007B1
__end_of_TMR2_SetInterruptHandler              text11       00FB8
__end_of_TMR2_StartTimer                       text26       00F8B
__end_of_TMR2_WriteTimer                       text25       00FB2
__end_of_WDT_Initialize                        text2        00F9F
__end_of___wmul                                text42       00758
__end_of__initialization                       cinit        00080
__end_of_main                                  maintext     007FF
__end_of_memcpy                                text23       0066B
__end_of_memset                                text22       001D7
__end_of_processLIN                            text20       00484
__end_of_scheduleTable                         stringtext1  00348
__end_ofi1_LIN_getChecksum                     text45       0061B
__end_ofi1_LIN_stopTimer                       text40       00F93
__end_ofi1_memcpy                              text44       006B9
__initialization                               cinit        00038
__pbssBANK0                                    bssBANK0     00020
__pbssBANK1                                    bssBANK1     000A0
__pbssBANK2                                    bssBANK2     0013B
__pcstackBANK0                                 cstackBANK0  00042
__pcstackBANK2                                 cstackBANK2  00120
__pcstackCOMMON                                cstackCOMMON 00070
__pdataBANK0                                   dataBANK0    0005F
__pdataBANK1                                   dataBANK1    000CB
__pdataBIGRAM                                  (abs)        02770
__pidataBANK0                                  idataBANK0   00F9F
__pidataBANK1                                  idataBANK1   006B9
__pidataBIGRAM                                 idataBIGRAM  001D7
__pintentry                                    intentry     00004
__pmaintext                                    maintext     007F6
__pnvBANK0                                     nvBANK0      00059
__pnvBANK1                                     nvBANK1      000EF
__pnvBANK2                                     nvBANK2      0012F
__pstringtext1                                 stringtext1  002D0
__ptext1                                       text1        0078A
__ptext10                                      text10       00FBF
__ptext11                                      text11       00FB2
__ptext12                                      text12       007B1
__ptext13                                      text13       00484
__ptext14                                      text14       00FEB
__ptext15                                      text15       00FE2
__ptext16                                      text16       00FD9
__ptext17                                      text17       00FD0
__ptext18                                      text18       00FC7
__ptext19                                      text19       00257
__ptext2                                       text2        00F9B
__ptext20                                      text20       00435
__ptext21                                      text21       0061B
__ptext22                                      text22       00141
__ptext23                                      text23       00643
__ptext24                                      text24       007C1
__ptext25                                      text25       00FAD
__ptext26                                      text26       00F88
__ptext27                                      text27       00569
__ptext28                                      text28       00F85
__ptext29                                      text29       006DD
__ptext3                                       text3        0079F
__ptext30                                      text30       00598
__ptext31                                      text31       005C6
__ptext32                                      text32       0066B
__ptext33                                      text33       00FA8
__ptext34                                      text34       00FA3
__ptext35                                      text35       00F82
__ptext37                                      text37       00FF4
__ptext38                                      text38       00701
__ptext39                                      text39       007FF
__ptext4                                       text4        004C8
__ptext40                                      text40       00F8F
__ptext41                                      text41       00348
__ptext42                                      text42       0073D
__ptext43                                      text43       00084
__ptext44                                      text44       00692
__ptext45                                      text45       005F1
__ptext46                                      text46       003C0
__ptext47                                      text47       00538
__ptext48                                      text48       00720
__ptext49                                      text49       00502
__ptext5                                       text5        00FB8
__ptext50                                      text50       00F8B
__ptext51                                      text51       00003
__ptext52                                      text52       00F7F
__ptext53                                      text53       00772
__ptext6                                       text6        007D1
__ptext7                                       text7        00758
__ptext8                                       text8        00F97
__ptext9                                       text9        00F93
__size_of_EUSART_DefaultErrorHandler           (abs)        00000
__size_of_EUSART_DefaultFramingErrorHandler    (abs)        00000
__size_of_EUSART_DefaultOverrunErrorHandler    (abs)        00000
__size_of_EUSART_Initialize                    (abs)        00000
__size_of_EUSART_Read                          (abs)        00000
__size_of_EUSART_Receive_ISR                   (abs)        00000
__size_of_EUSART_RxDataHandler                 (abs)        00000
__size_of_EUSART_SetErrorHandler               (abs)        00000
__size_of_EUSART_SetFramingErrorHandler        (abs)        00000
__size_of_EUSART_SetOverrunErrorHandler        (abs)        00000
__size_of_EUSART_SetRxInterruptHandler         (abs)        00000
__size_of_EUSART_SetTxInterruptHandler         (abs)        00000
__size_of_EUSART_Transmit_ISR                  (abs)        00000
__size_of_EUSART_Write                         (abs)        00000
__size_of_EUSART_is_rx_ready                   (abs)        00000
__size_of_I2C_ISR                              (abs)        00000
__size_of_I2C_Initialize                       (abs)        00000
__size_of_INTERRUPT_InterruptManager           (abs)        00000
__size_of_LIN_Master_Initialize                (abs)        00000
__size_of_LIN_calcParity                       (abs)        00000
__size_of_LIN_disableRx                        (abs)        00000
__size_of_LIN_enableRx                         (abs)        00000
__size_of_LIN_getChecksum                      (abs)        00000
__size_of_LIN_getPacket                        (abs)        00000
__size_of_LIN_handler                          (abs)        00000
__size_of_LIN_init                             (abs)        00000
__size_of_LIN_queuePacket                      (abs)        00000
__size_of_LIN_receivePacket                    (abs)        00000
__size_of_LIN_sendBreak                        (abs)        00000
__size_of_LIN_sendPacket                       (abs)        00000
__size_of_LIN_sendPeriodicTx                   (abs)        00000
__size_of_LIN_setTimerHandler                  (abs)        00000
__size_of_LIN_startPeriod                      (abs)        00000
__size_of_LIN_startTimer                       (abs)        00000
__size_of_LIN_stopTimer                        (abs)        00000
__size_of_LIN_timerHandler                     (abs)        00000
__size_of_OSCILLATOR_Initialize                (abs)        00000
__size_of_PIN_MANAGER_Initialize               (abs)        00000
__size_of_SYSTEM_Initialize                    (abs)        00000
__size_of_TMR2_DefaultInterruptHandler         (abs)        00000
__size_of_TMR2_ISR                             (abs)        00000
__size_of_TMR2_Initialize                      (abs)        00000
__size_of_TMR2_SetInterruptHandler             (abs)        00000
__size_of_TMR2_StartTimer                      (abs)        00000
__size_of_TMR2_WriteTimer                      (abs)        00000
__size_of_WDT_Initialize                       (abs)        00000
__size_of___wmul                               (abs)        00000
__size_of_main                                 (abs)        00000
__size_of_memcpy                               (abs)        00000
__size_of_memset                               (abs)        00000
__size_of_processLIN                           (abs)        00000
__size_ofi1_LIN_getChecksum                    (abs)        00000
__size_ofi1_LIN_stopTimer                      (abs)        00000
__size_ofi1_memcpy                             (abs)        00000
_eusartRxBuffer                                bssBANK2     0013B
_eusartRxCount                                 bssBANK0     00023
_eusartRxHead                                  bssBANK0     00025
_eusartRxLastError                             bssBANK0     00022
_eusartRxStatusBuffer                          bssBANK1     000A0
_eusartRxTail                                  bssBANK0     00024
_eusartTxBuffer                                bssBANK1     000A8
_eusartTxBufferRemaining                       nvBANK0      0005D
_eusartTxHead                                  bssBANK0     00027
_eusartTxTail                                  bssBANK0     00026
_main                                          maintext     007F6
_memcpy                                        text23       00643
_memset                                        text22       00141
_processLIN                                    text20       00435
_schedule                                      nvBANK0      0005B
_scheduleLength                                nvBANK0      0005E
_scheduleTable                                 stringtext1  002D0
btemp                                          (abs)        0007E
clear_ram0                                     clrtext      007EA
end_of_initialization                          cinit        00080
i1LIN_getChecksum@checksum                     cstackCOMMON 00074
i1LIN_getChecksum@data                         cstackCOMMON 00070
i1LIN_getChecksum@i                            cstackCOMMON 00073
i1LIN_getChecksum@length                       cstackCOMMON 00072
i1_LIN_getChecksum                             text45       005F1
i1_LIN_stopTimer                               text40       00F8F
i1_memcpy                                      text44       00692
i1memcpy@d                                     cstackCOMMON 00077
i1memcpy@d1                                    cstackCOMMON 00070
i1memcpy@n                                     cstackCOMMON 00073
i1memcpy@s                                     cstackCOMMON 00079
i1memcpy@s1                                    cstackCOMMON 00072
i1memcpy@tmp                                   cstackCOMMON 00076
init_ram                                       inittext     007DE
int$flags                                      (abs)        0007E
intlevel0                                      functab      00000
intlevel1                                      functab      00000
intlevel2                                      functab      00000
intlevel3                                      functab      00000
intlevel4                                      functab      00000
intlevel5                                      functab      00000
memcpy@d                                       cstackBANK0  00055
memcpy@d1                                      cstackBANK0  0004E
memcpy@n                                       cstackBANK0  00051
memcpy@s                                       cstackBANK0  00057
memcpy@s1                                      cstackBANK0  00050
memcpy@tmp                                     cstackBANK0  00054
memset@c                                       cstackBANK0  0004E
memset@dest                                    cstackBANK0  00056
memset@k                                       cstackBANK0  00054
memset@n                                       cstackBANK0  00050
memset@s                                       cstackBANK0  00057
processLIN@cmd                                 cstackBANK2  0012C
processLIN@tempRxData                          cstackBANK2  00124
reset_vec                                      reset_vec    00000
start                                          init         00036
start_initialization                           cinit        00038
wtemp0                                         (abs)        0007E


FUNCTION INFORMATION:

 *************** function _main *****************
 Defined at:
		line 49 in file "main.c"
 Parameters:    Size  Location     Type
		None
 Auto vars:     Size  Location     Type
		None
 Return value:  Size  Location     Type
                  1    wreg      void 
 Registers used:
		wreg, fsr0l, fsr0h, fsr1l, fsr1h, status,2, status,0, pclath, cstack
 Tracked objects:
		On entry : 
		On exit  : 
		Unchanged: 
 Data sizes:     COMMON   BANK0   BANK1   BANK2   BANK3   BANK4   BANK5   BANK6   BANK7   BANK8   BANK9  BANK10  BANK11  BANK12  BANK13  BANK14  BANK15  BANK16  BANK17  BANK18  BANK19  BANK20  BANK21  BANK22  BANK23  BANK24  BANK25
      Params:         0       0       0       0       0       0       0       0       0       0       0       0       0       0       0       0       0       0       0       0       0       0       0       0       0       0       0
      Locals:         0       0       0       0       0       0       0       0       0       0       0       0       0       0       0       0       0       0       0       0       0       0       0       0       0       0       0
      Temps:          0       0       0       0       0       0       0       0       0       0       0       0       0       0       0       0       0       0       0       0       0       0       0       0       0       0       0
      Totals:         0       0       0       0       0       0       0       0       0       0       0       0       0       0       0       0       0       0       0       0       0       0       0       0       0       0       0
Total ram usage:        0 bytes
 Hardware stack levels required when called:   11
 This function calls:
		_LIN_handler
		_SYSTEM_Initialize
 This function is called by:
		Startup code after reset
 This function uses a non-reentrant model


 *************** function _SYSTEM_Initialize *****************
 Defined at:
		line 50 in file "mcc_generated_files/mcc.c"
 Parameters:    Size  Location     Type
		None
 Auto vars:     Size  Location     Type
		None
 Return value:  Size  Location     Type
                  1    wreg      void 
 Registers used:
		wreg, status,2, status,0, pclath, cstack
 Tracked objects:
		On entry : 
		On exit  : 
		Unchanged: 
 Data sizes:     COMMON   BANK0   BANK1   BANK2   BANK3   BANK4   BANK5   BANK6   BANK7   BANK8   BANK9  BANK10  BANK11  BANK12  BANK13  BANK14  BANK15  BANK16  BANK17  BANK18  BANK19  BANK20  BANK21  BANK22  BANK23  BANK24  BANK25
      Params:         0       0       0       0       0       0       0       0       0       0       0       0       0       0       0       0       0       0       0       0       0       0       0       0       0       0       0
      Locals:         0       0       0       0       0       0       0       0       0       0       0       0       0       0       0       0       0       0       0       0       0       0       0       0       0       0       0
      Temps:          0       0       0       0       0       0       0       0       0       0       0       0       0       0       0       0       0       0       0       0       0       0       0       0       0       0       0
      Totals:         0       0       0       0       0       0       0       0       0       0       0       0       0       0       0       0       0       0       0       0       0       0       0       0       0       0       0
Total ram usage:        0 bytes
 Hardware stack levels used:    1
 Hardware stack levels required when called:   10
 This function calls:
		_EUSART_Initialize
		_I2C_Initialize
		_LIN_Master_Initialize
		_OSCILLATOR_Initialize
		_PIN_MANAGER_Initialize
		_TMR2_Initialize
		_WDT_Initialize
 This function is called by:
		_main
 This function uses a non-reentrant model


 *************** function _WDT_Initialize *****************
 Defined at:
		line 72 in file "mcc_generated_files/mcc.c"
 Parameters:    Size  Location     Type
		None
 Auto vars:     Size  Location     Type
		None
 Return value:  Size  Location     Type
                  1    wreg      void 
 Registers used:
		wreg
 Tracked objects:
		On entry : 
		On exit  : 
		Unchanged: 
 Data sizes:     COMMON   BANK0   BANK1   BANK2   BANK3   BANK4   BANK5   BANK6   BANK7   BANK8   BANK9  BANK10  BANK11  BANK12  BANK13  BANK14  BANK15  BANK16  BANK17  BANK18  BANK19  BANK20  BANK21  BANK22  BANK23  BANK24  BANK25
      Params:         0       0       0       0       0       0       0       0       0       0       0       0       0       0       0       0       0       0       0       0       0       0       0       0       0       0       0
      Locals:         0       0       0       0       0       0       0       0       0       0       0       0       0       0       0       0       0       0       0       0       0       0       0       0       0       0       0
      Temps:          0       0       0       0       0       0       0       0       0       0       0       0       0       0       0       0       0       0       0       0       0       0       0       0       0       0       0
      Totals:         0       0       0       0       0       0       0       0       0       0       0       0       0       0       0       0       0       0       0       0       0       0       0       0       0       0       0
Total ram usage:        0 bytes
 Hardware stack levels used:    1
 Hardware stack levels required when called:    6
 This function calls:
		Nothing
 This function is called by:
		_SYSTEM_Initialize
 This function uses a non-reentrant model


 *************** function _TMR2_Initialize *****************
 Defined at:
		line 64 in file "mcc_generated_files/tmr2.c"
 Parameters:    Size  Location     Type
		None
 Auto vars:     Size  Location     Type
		None
 Return value:  Size  Location     Type
                  1    wreg      void 
 Registers used:
		wreg, status,2, status,0, pclath, cstack
 Tracked objects:
		On entry : 
		On exit  : 
		Unchanged: 
 Data sizes:     COMMON   BANK0   BANK1   BANK2   BANK3   BANK4   BANK5   BANK6   BANK7   BANK8   BANK9  BANK10  BANK11  BANK12  BANK13  BANK14  BANK15  BANK16  BANK17  BANK18  BANK19  BANK20  BANK21  BANK22  BANK23  BANK24  BANK25
      Params:         0       0       0       0       0       0       0       0       0       0       0       0       0       0       0       0       0       0       0       0       0       0       0       0       0       0       0
      Locals:         0       0       0       0       0       0       0       0       0       0       0       0       0       0       0       0       0       0       0       0       0       0       0       0       0       0       0
      Temps:          0       0       0       0       0       0       0       0       0       0       0       0       0       0       0       0       0       0       0       0       0       0       0       0       0       0       0
      Totals:         0       0       0       0       0       0       0       0       0       0       0       0       0       0       0       0       0       0       0       0       0       0       0       0       0       0       0
Total ram usage:        0 bytes
 Hardware stack levels used:    1
 Hardware stack levels required when called:    7
 This function calls:
		_TMR2_SetInterruptHandler
 This function is called by:
		_SYSTEM_Initialize
 This function uses a non-reentrant model


 *************** function _PIN_MANAGER_Initialize *****************
 Defined at:
		line 55 in file "mcc_generated_files/pin_manager.c"
 Parameters:    Size  Location     Type
		None
 Auto vars:     Size  Location     Type
		None
 Return value:  Size  Location     Type
                  1    wreg      void 
 Registers used:
		wreg, status,2
 Tracked objects:
		On entry : 
		On exit  : 
		Unchanged: 
 Data sizes:     COMMON   BANK0   BANK1   BANK2   BANK3   BANK4   BANK5   BANK6   BANK7   BANK8   BANK9  BANK10  BANK11  BANK12  BANK13  BANK14  BANK15  BANK16  BANK17  BANK18  BANK19  BANK20  BANK21  BANK22  BANK23  BANK24  BANK25
      Params:         0       0       0       0       0       0       0       0       0       0       0       0       0       0       0       0       0       0       0       0       0       0       0       0       0       0       0
[...]
      Locals:         4       0       0       0       0       0       0       0       0       0       0       0       0       0       0       0       0       0       0       0       0       0       0       0       0       0       0
      Temps:          1       0       0       0       0       0       0       0       0       0       0       0       0       0       0       0       0       0       0       0       0       0       0       0       0       0       0
      Totals:         6       0       0       0       0       0       0       0       0       0       0       0       0       0       0       0       0       0       0       0       0       0       0       0       0       0       0
Total ram usage:        6 bytes
 Hardware stack levels used:    1
 This function calls:
		Nothing
 This function is called by:
		_LIN_queuePacket
 This function uses a non-reentrant model


 *************** function _LIN_calcParity *****************
 Defined at:
		line 210 in file "mcc_generated_files/LINDrivers/lin_master.c"
 Parameters:    Size  Location     Type
  CMD             1    wreg     unsigned char 
 Auto vars:     Size  Location     Type
  CMD             1    1[COMMON] unsigned char 
  PID             1    2[COMMON] struct .
 Return value:  Size  Location     Type
                  1    wreg      unsigned char 
 Registers used:
		wreg, status,0
 Tracked objects:
		On entry : 
		On exit  : 
		Unchanged: 
 Data sizes:     COMMON   BANK0   BANK1   BANK2   BANK3   BANK4   BANK5   BANK6   BANK7   BANK8   BANK9  BANK10  BANK11  BANK12  BANK13  BANK14  BANK15  BANK16  BANK17  BANK18  BANK19  BANK20  BANK21  BANK22  BANK23  BANK24  BANK25
      Params:         0       0       0       0       0       0       0       0       0       0       0       0       0       0       0       0       0       0       0       0       0       0       0       0       0       0       0
      Locals:         2       0       0       0       0       0       0       0       0       0       0       0       0       0       0       0       0       0       0       0       0       0       0       0       0       0       0
      Temps:          1       0       0       0       0       0       0       0       0       0       0       0       0       0       0       0       0       0       0       0       0       0       0       0       0       0       0
      Totals:         3       0       0       0       0       0       0       0       0       0       0       0       0       0       0       0       0       0       0       0       0       0       0       0       0       0       0
Total ram usage:        3 bytes
 Hardware stack levels used:    1
 This function calls:
		Nothing
 This function is called by:
		_LIN_queuePacket
 This function uses a non-reentrant model


 *************** function _I2C_ISR *****************
 Defined at:
		line 106 in file "mcc_generated_files/i2c.c"
 Parameters:    Size  Location     Type
		None
 Auto vars:     Size  Location     Type
  i2c_data        1    1[COMMON] unsigned char 
 Return value:  Size  Location     Type
                  1    wreg      void 
 Registers used:
		wreg, status,2, status,0
 Tracked objects:
		On entry : 
		On exit  : 
		Unchanged: 
 Data sizes:     COMMON   BANK0   BANK1   BANK2   BANK3   BANK4   BANK5   BANK6   BANK7   BANK8   BANK9  BANK10  BANK11  BANK12  BANK13  BANK14  BANK15  BANK16  BANK17  BANK18  BANK19  BANK20  BANK21  BANK22  BANK23  BANK24  BANK25
      Params:         0       0       0       0       0       0       0       0       0       0       0       0       0       0       0       0       0       0       0       0       0       0       0       0       0       0       0
      Locals:         1       0       0       0       0       0       0       0       0       0       0       0       0       0       0       0       0       0       0       0       0       0       0       0       0       0       0
      Temps:          1       0       0       0       0       0       0       0       0       0       0       0       0       0       0       0       0       0       0       0       0       0       0       0       0       0       0
      Totals:         2       0       0       0       0       0       0       0       0       0       0       0       0       0       0       0       0       0       0       0       0       0       0       0       0       0       0
Total ram usage:        2 bytes
 Hardware stack levels used:    1
 This function calls:
		Nothing
 This function is called by:
		_INTERRUPT_InterruptManager
 This function uses a non-reentrant model


 *************** function _EUSART_Transmit_ISR *****************
 Defined at:
		line 194 in file "mcc_generated_files/eusart.c"
 Parameters:    Size  Location     Type
		None
 Auto vars:     Size  Location     Type
		None
 Return value:  Size  Location     Type
                  1    wreg      void 
 Registers used:
		wreg, fsr1l, fsr1h, status,2, status,0
 Tracked objects:
		On entry : 
		On exit  : 
		Unchanged: 
 Data sizes:     COMMON   BANK0   BANK1   BANK2   BANK3   BANK4   BANK5   BANK6   BANK7   BANK8   BANK9  BANK10  BANK11  BANK12  BANK13  BANK14  BANK15  BANK16  BANK17  BANK18  BANK19  BANK20  BANK21  BANK22  BANK23  BANK24  BANK25
      Params:         0       0       0       0       0       0       0       0       0       0       0       0       0       0       0       0       0       0       0       0       0       0       0       0       0       0       0
      Locals:         0       0       0       0       0       0       0       0       0       0       0       0       0       0       0       0       0       0       0       0       0       0       0       0       0       0       0
      Temps:          1       0       0       0       0       0       0       0       0       0       0       0       0       0       0       0       0       0       0       0       0       0       0       0       0       0       0
      Totals:         1       0       0       0       0       0       0       0       0       0       0       0       0       0       0       0       0       0       0       0       0       0       0       0       0       0       0
Total ram usage:        1 bytes
 Hardware stack levels used:    1
 This function calls:
		Nothing
 This function is called by:
		_EUSART_Initialize
		_INTERRUPT_InterruptManager
 This function uses a non-reentrant model


 *************** function _EUSART_Receive_ISR *****************
 Defined at:
		line 213 in file "mcc_generated_files/eusart.c"
 Parameters:    Size  Location     Type
		None
 Auto vars:     Size  Location     Type
		None
 Return value:  Size  Location     Type
                  1    wreg      void 
 Registers used:
		wreg, fsr1l, fsr1h, status,2, status,0, pclath, cstack
 Tracked objects:
		On entry : 
		On exit  : 
		Unchanged: 
 Data sizes:     COMMON   BANK0   BANK1   BANK2   BANK3   BANK4   BANK5   BANK6   BANK7   BANK8   BANK9  BANK10  BANK11  BANK12  BANK13  BANK14  BANK15  BANK16  BANK17  BANK18  BANK19  BANK20  BANK21  BANK22  BANK23  BANK24  BANK25
      Params:         0       0       0       0       0       0       0       0       0       0       0       0       0       0       0       0       0       0       0       0       0       0       0       0       0       0       0
      Locals:         0       0       0       0       0       0       0       0       0       0       0       0       0       0       0       0       0       0       0       0       0       0       0       0       0       0       0
      Temps:          0       0       0       0       0       0       0       0       0       0       0       0       0       0       0       0       0       0       0       0       0       0       0       0       0       0       0
      Totals:         0       0       0       0       0       0       0       0       0       0       0       0       0       0       0       0       0       0       0       0       0       0       0       0       0       0       0
Total ram usage:        0 bytes
 Hardware stack levels used:    1
 Hardware stack levels required when called:    2
 This function calls:
		Absolute function
		_EUSART_DefaultErrorHandler
		_EUSART_DefaultFramingErrorHandler
		_EUSART_DefaultOverrunErrorHandler
		_EUSART_RxDataHandler
 This function is called by:
		_EUSART_Initialize
		_INTERRUPT_InterruptManager
 This function uses a non-reentrant model


 *************** function _EUSART_DefaultOverrunErrorHandler *****************
 Defined at:
		line 249 in file "mcc_generated_files/eusart.c"
 Parameters:    Size  Location     Type
		None
 Auto vars:     Size  Location     Type
		None
 Return value:  Size  Location     Type
                  1    wreg      void 
 Registers used:
		None
 Tracked objects:
		On entry : 
		On exit  : 
		Unchanged: 
 Data sizes:     COMMON   BANK0   BANK1   BANK2   BANK3   BANK4   BANK5   BANK6   BANK7   BANK8   BANK9  BANK10  BANK11  BANK12  BANK13  BANK14  BANK15  BANK16  BANK17  BANK18  BANK19  BANK20  BANK21  BANK22  BANK23  BANK24  BANK25
      Params:         0       0       0       0       0       0       0       0       0       0       0       0       0       0       0       0       0       0       0       0       0       0       0       0       0       0       0
      Locals:         0       0       0       0       0       0       0       0       0       0       0       0       0       0       0       0       0       0       0       0       0       0       0       0       0       0       0
      Temps:          0       0       0       0       0       0       0       0       0       0       0       0       0       0       0       0       0       0       0       0       0       0       0       0       0       0       0
      Totals:         0       0       0       0       0       0       0       0       0       0       0       0       0       0       0       0       0       0       0       0       0       0       0       0       0       0       0
Total ram usage:        0 bytes
 Hardware stack levels used:    1
 This function calls:
		Nothing
 This function is called by:
		_EUSART_Initialize
		_EUSART_Receive_ISR
 This function uses a non-reentrant model


 *************** function _EUSART_DefaultFramingErrorHandler *****************
 Defined at:
		line 247 in file "mcc_generated_files/eusart.c"
 Parameters:    Size  Location     Type
		None
 Auto vars:     Size  Location     Type
		None
 Return value:  Size  Location     Type
                  1    wreg      void 
 Registers used:
		None
 Tracked objects:
		On entry : 
		On exit  : 
		Unchanged: 
 Data sizes:     COMMON   BANK0   BANK1   BANK2   BANK3   BANK4   BANK5   BANK6   BANK7   BANK8   BANK9  BANK10  BANK11  BANK12  BANK13  BANK14  BANK15  BANK16  BANK17  BANK18  BANK19  BANK20  BANK21  BANK22  BANK23  BANK24  BANK25
      Params:         0       0       0       0       0       0       0       0       0       0       0       0       0       0       0       0       0       0       0       0       0       0       0       0       0       0       0
      Locals:         0       0       0       0       0       0       0       0       0       0       0       0       0       0       0       0       0       0       0       0       0       0       0       0       0       0       0
      Temps:          0       0       0       0       0       0       0       0       0       0       0       0       0       0       0       0       0       0       0       0       0       0       0       0       0       0       0
      Totals:         0       0       0       0       0       0       0       0       0       0       0       0       0       0       0       0       0       0       0       0       0       0       0       0       0       0       0
Total ram usage:        0 bytes
 Hardware stack levels used:    1
 This function calls:
		Nothing
 This function is called by:
		_EUSART_Initialize
		_EUSART_Receive_ISR
 This function uses a non-reentrant model


 *************** function _EUSART_DefaultErrorHandler *****************
 Defined at:
		line 257 in file "mcc_generated_files/eusart.c"
 Parameters:    Size  Location     Type
		None
 Auto vars:     Size  Location     Type
		None
 Return value:  Size  Location     Type
                  1    wreg      void 
 Registers used:
		wreg, fsr1l, fsr1h, status,2, status,0, pclath, cstack
 Tracked objects:
		On entry : 
		On exit  : 
		Unchanged: 
 Data sizes:     COMMON   BANK0   BANK1   BANK2   BANK3   BANK4   BANK5   BANK6   BANK7   BANK8   BANK9  BANK10  BANK11  BANK12  BANK13  BANK14  BANK15  BANK16  BANK17  BANK18  BANK19  BANK20  BANK21  BANK22  BANK23  BANK24  BANK25
      Params:         0       0       0       0       0       0       0       0       0       0       0       0       0       0       0       0       0       0       0       0       0       0       0       0       0       0       0
      Locals:         0       0       0       0       0       0       0       0       0       0       0       0       0       0       0       0       0       0       0       0       0       0       0       0       0       0       0
      Temps:          0       0       0       0       0       0       0       0       0       0       0       0       0       0       0       0       0       0       0       0       0       0       0       0       0       0       0
      Totals:         0       0       0       0       0       0       0       0       0       0       0       0       0       0       0       0       0       0       0       0       0       0       0       0       0       0       0
Total ram usage:        0 bytes
 Hardware stack levels used:    1
 Hardware stack levels required when called:    1
 This function calls:
		_EUSART_RxDataHandler
 This function is called by:
		_EUSART_Initialize
		_EUSART_Receive_ISR
 This function uses a non-reentrant model


 *************** function _EUSART_RxDataHandler *****************
 Defined at:
		line 237 in file "mcc_generated_files/eusart.c"
 Parameters:    Size  Location     Type
		None
 Auto vars:     Size  Location     Type
		None
 Return value:  Size  Location     Type
                  1    wreg      void 
 Registers used:
		wreg, fsr1l, fsr1h, status,2, status,0
 Tracked objects:
		On entry : 
		On exit  : 
		Unchanged: 
 Data sizes:     COMMON   BANK0   BANK1   BANK2   BANK3   BANK4   BANK5   BANK6   BANK7   BANK8   BANK9  BANK10  BANK11  BANK12  BANK13  BANK14  BANK15  BANK16  BANK17  BANK18  BANK19  BANK20  BANK21  BANK22  BANK23  BANK24  BANK25
      Params:         0       0       0       0       0       0       0       0       0       0       0       0       0       0       0       0       0       0       0       0       0       0       0       0       0       0       0
      Locals:         0       0       0       0       0       0       0       0       0       0       0       0       0       0       0       0       0       0       0       0       0       0       0       0       0       0       0
      Temps:          1       0       0       0       0       0       0       0       0       0       0       0       0       0       0       0       0       0       0       0       0       0       0       0       0       0       0
      Totals:         1       0       0       0       0       0       0       0       0       0       0       0       0       0       0       0       0       0       0       0       0       0       0       0       0       0       0
Total ram usage:        1 bytes
 Hardware stack levels used:    1
 This function calls:
		Nothing
 This function is called by:
		_EUSART_Receive_ISR
		_EUSART_DefaultErrorHandler
 This function uses a non-reentrant model



MODULE INFORMATION

Module		Function		Class		Link	Load	Size
mcc_generated_files/LINDrivers/lin_master.c
		_LIN_init      		CODE           	0758	0000	27
		_LIN_stopTimer 		CODE           	0F97	0000	5
		_LIN_timerHandler		CODE           	0701	0000	32
		_LIN_sendBreak 		CODE           	0F85	0000	4
		_LIN_getPacket 		CODE           	061B	0000	41
		_LIN_sendPacket		CODE           	0569	0000	48
		_LIN_disableRx 		CODE           	0FA3	0000	6
		_LIN_setTimerHandler		CODE           	0FBF	0000	9
		_LIN_startTimer		CODE           	07C1	0000	17
		_LIN_queuePacket		CODE           	0084	0000	190
		_LIN_sendPeriodicTx		CODE           	0348	0000	121
		_LIN_receivePacket		CODE           	0598	0000	47
		_LIN_getChecksum		CODE           	05C6	0000	44
		_LIN_handler   		CODE           	0257	0000	122
		_LIN_startPeriod		CODE           	0F93	0000	5
		_LIN_calcParity		CODE           	03C0	0000	118
		_LIN_enableRx  		CODE           	0FA8	0000	6

mcc_generated_files/LINDrivers/lin_master.c estimated size: 842

/Applications/microchip/xc8/v2.05/pic/sources/c99/common/memset.c
		_memset        		CODE           	0141	0000	151

/Applications/microchip/xc8/v2.05/pic/sources/c99/common/memset.c estimated size: 151

mcc_generated_files/tmr2.c
		_TMR2_ISR      		CODE           	0FF4	0000	13
		_TMR2_Initialize		CODE           	079F	0000	19
		_TMR2_SetInterruptHandler		CODE           	0FB2	0000	7
		_TMR2_DefaultInterruptHandler		CODE           	07FF	0000	2
		_TMR2_WriteTimer		CODE           	0FAD	0000	6
		_TMR2_StartTimer		CODE           	0F88	0000	4

mcc_generated_files/tmr2.c estimated size: 51

mcc_generated_files/interrupt_manager.c
		_INTERRUPT_InterruptManager		CODE           	0004	0000	51

mcc_generated_files/interrupt_manager.c estimated size: 51

mcc_generated_files/i2c.c
		_I2C_ISR       		CODE           	0538	0000	50
		_I2C_Initialize		CODE           	07B1	0000	17

mcc_generated_files/i2c.c estimated size: 67

mcc_generated_files/pin_manager.c
		_PIN_MANAGER_Initialize		CODE           	04C8	0000	59

mcc_generated_files/pin_manager.c estimated size: 59

/Applications/microchip/xc8/v2.05/pic/sources/c99/common/memcpy.c
		_memcpy        		CODE           	0643	0000	41

/Applications/microchip/xc8/v2.05/pic/sources/c99/common/memcpy.c estimated size: 41

shared
		i1_LIN_stopTimer		CODE           	0F8F	0000	5
		_scheduleTable 		STRCODE        	02D0	0000	121
		__initialization		CODE           	0038	0000	73
		i1_LIN_getChecksum		CODE           	05F1	0000	43
		i1_memcpy      		CODE           	0692	0000	40

shared estimated size: 282

mcc_generated_files/mcc.c
		_WDT_Initialize		CODE           	0F9B	0000	5
		_OSCILLATOR_Initialize		CODE           	0FB8	0000	8
		_SYSTEM_Initialize		CODE           	078A	0000	22

mcc_generated_files/mcc.c estimated size: 35

/Applications/microchip/xc8/v2.05/pic/sources/c99/common/Umul16.c
		___wmul        		CODE           	073D	0000	28

/Applications/microchip/xc8/v2.05/pic/sources/c99/common/Umul16.c estimated size: 28

mcc_generated_files/LINDrivers/lin_app.c
		_processLIN    		CODE           	0435	0000	80
		_LIN_Master_Initialize		CODE           	07D1	0000	14

mcc_generated_files/LINDrivers/lin_app.c estimated size: 94

mcc_generated_files/eusart.c
		_EUSART_SetRxInterruptHandler		CODE           	0FE2	0000	10
		_EUSART_SetTxInterruptHandler		CODE           	0FEB	0000	10
		_EUSART_Read   		CODE           	066B	0000	40
		_EUSART_DefaultOverrunErrorHandler		CODE           	0F8B	0000	5
		_EUSART_Write  		CODE           	06DD	0000	37
		_EUSART_DefaultErrorHandler		CODE           	0F7F	0000	4
		_EUSART_Transmit_ISR		CODE           	0720	0000	30
		_EUSART_Initialize		CODE           	0484	0000	69
		_EUSART_SetFramingErrorHandler		CODE           	0FD0	0000	10
		_EUSART_SetErrorHandler		CODE           	0FC7	0000	10
		_EUSART_SetOverrunErrorHandler		CODE           	0FD9	0000	10
		_EUSART_Receive_ISR		CODE           	0502	0000	55
		_EUSART_RxDataHandler		CODE           	0772	0000	25
		_EUSART_DefaultFramingErrorHandler		CODE           	0003	0000	2
		_EUSART_is_rx_ready		CODE           	0F82	0000	4

mcc_generated_files/eusart.c estimated size: 321

main.c
		_main          		CODE           	07F6	0000	10

main.c estimated size: 10

